<html>
<body>
<pre>
<h1>µVision Build Log</h1>
<h2>Project:</h2>
C:\users\quest\Desktop\akhil\arm7\lpc1768\arm_i2c_lcd\arm_i2c_lcd.uvproj
Project File Date:  07/16/2024

<h2>Output:</h2>
Build target 'Target 1'
assembling Startup.s...
compiling arm_i2c_lcd.c...
arm_i2c_lcd.c(171): warning:  #223-D: function "sprintf" declared implicitly
arm_i2c_lcd.c(182): warning:  #111-D: statement is unreachable
arm_i2c_lcd.c(183): warning:  #1-D: last line of file ends without a newline
arm_i2c_lcd.c(139): warning:  #177-D: variable "received_char" was declared but never referenced
arm_i2c_lcd.c(141): warning:  #177-D: variable "j" was declared but never referenced
linking...
Program Size: Code=1816 RO-data=56 RW-data=0 ZI-data=1256  
"arm_i2c_lcd.axf" - 0 Error(s), 5 Warning(s).
Build target 'Target 1'
assembling Startup.s...
compiling arm_i2c_lcd.c...
arm_i2c_lcd.c(161): warning:  #111-D: statement is unreachable
arm_i2c_lcd.c(162): warning:  #1-D: last line of file ends without a newline
arm_i2c_lcd.c(139): warning:  #177-D: variable "received_char" was declared but never referenced
arm_i2c_lcd.c(140): warning:  #177-D: variable "h" was declared but never referenced
arm_i2c_lcd.c(140): warning:  #177-D: variable "m" was declared but never referenced
arm_i2c_lcd.c(140): warning:  #177-D: variable "s" was declared but never referenced
arm_i2c_lcd.c(140): warning:  #177-D: variable "s1" was declared but never referenced
arm_i2c_lcd.c(141): warning:  #177-D: variable "i" was declared but never referenced
arm_i2c_lcd.c(141): warning:  #177-D: variable "j" was declared but never referenced
linking...
Program Size: Code=1088 RO-data=16 RW-data=0 ZI-data=1256  
"arm_i2c_lcd.axf" - 0 Error(s), 9 Warning(s).
Build target 'Target 1'
assembling Startup.s...
compiling arm_i2c_lcd.c...
arm_i2c_lcd.c(161): warning:  #111-D: statement is unreachable
arm_i2c_lcd.c(162): warning:  #1-D: last line of file ends without a newline
arm_i2c_lcd.c(139): warning:  #177-D: variable "received_char" was declared but never referenced
arm_i2c_lcd.c(140): warning:  #177-D: variable "h" was declared but never referenced
arm_i2c_lcd.c(140): warning:  #177-D: variable "m" was declared but never referenced
arm_i2c_lcd.c(140): warning:  #177-D: variable "s" was declared but never referenced
arm_i2c_lcd.c(140): warning:  #177-D: variable "s1" was declared but never referenced
arm_i2c_lcd.c(141): warning:  #177-D: variable "i" was declared but never referenced
arm_i2c_lcd.c(141): warning:  #177-D: variable "j" was declared but never referenced
linking...
Program Size: Code=1360 RO-data=16 RW-data=0 ZI-data=1256  
FromELF: creating hex file...
"arm_i2c_lcd.axf" - 0 Error(s), 9 Warning(s).
Build target 'Target 1'
assembling Startup.s...
compiling arm_i2c_lcd.c...
arm_i2c_lcd.c(140): warning:  #223-D: function "i2c_send" declared implicitly
arm_i2c_lcd.c(144): warning:  #223-D: function "__delay_ms" declared implicitly
arm_i2c_lcd.c(187): warning:  #111-D: statement is unreachable
arm_i2c_lcd.c(188): warning:  #1-D: last line of file ends without a newline
arm_i2c_lcd.c(161): warning:  #177-D: variable "received_char" was declared but never referenced
arm_i2c_lcd.c(162): warning:  #177-D: variable "h" was declared but never referenced
arm_i2c_lcd.c(162): warning:  #177-D: variable "m" was declared but never referenced
arm_i2c_lcd.c(162): warning:  #177-D: variable "s" was declared but never referenced
arm_i2c_lcd.c(162): warning:  #177-D: variable "s1" was declared but never referenced
arm_i2c_lcd.c(164): warning:  #177-D: variable "i" was declared but never referenced
arm_i2c_lcd.c(164): warning:  #177-D: variable "j" was declared but never referenced
linking...
arm_i2c_lcd.axf: Error: L6218E: Undefined symbol __delay_ms (referred from arm_i2c_lcd.o).
arm_i2c_lcd.axf: Error: L6218E: Undefined symbol i2c_send (referred from arm_i2c_lcd.o).
Target not created
Build target 'Target 1'
assembling Startup.s...
compiling arm_i2c_lcd.c...
arm_i2c_lcd.c(147): warning:  #223-D: function "i2c_send" declared implicitly
arm_i2c_lcd.c(151): warning:  #223-D: function "__delay_ms" declared implicitly
arm_i2c_lcd.c(194): warning:  #111-D: statement is unreachable
arm_i2c_lcd.c(195): warning:  #1-D: last line of file ends without a newline
arm_i2c_lcd.c(168): warning:  #177-D: variable "received_char" was declared but never referenced
arm_i2c_lcd.c(169): warning:  #177-D: variable "h" was declared but never referenced
arm_i2c_lcd.c(169): warning:  #177-D: variable "m" was declared but never referenced
arm_i2c_lcd.c(169): warning:  #177-D: variable "s" was declared but never referenced
arm_i2c_lcd.c(169): warning:  #177-D: variable "s1" was declared but never referenced
linking...
arm_i2c_lcd.axf: Error: L6218E: Undefined symbol __delay_ms (referred from arm_i2c_lcd.o).
arm_i2c_lcd.axf: Error: L6218E: Undefined symbol i2c_send (referred from arm_i2c_lcd.o).
Target not created
Build target 'Target 1'
assembling Startup.s...
compiling arm_i2c_lcd.c...
arm_i2c_lcd.c(194): warning:  #111-D: statement is unreachable
arm_i2c_lcd.c(195): warning:  #1-D: last line of file ends without a newline
arm_i2c_lcd.c(168): warning:  #177-D: variable "received_char" was declared but never referenced
arm_i2c_lcd.c(169): warning:  #177-D: variable "h" was declared but never referenced
arm_i2c_lcd.c(169): warning:  #177-D: variable "m" was declared but never referenced
arm_i2c_lcd.c(169): warning:  #177-D: variable "s" was declared but never referenced
arm_i2c_lcd.c(169): warning:  #177-D: variable "s1" was declared but never referenced
linking...
Program Size: Code=1776 RO-data=32 RW-data=12 ZI-data=1260  
FromELF: creating hex file...
"arm_i2c_lcd.axf" - 0 Error(s), 7 Warning(s).
Build target 'Target 1'
assembling Startup.s...
compiling arm_i2c_lcd.c...
arm_i2c_lcd.c(194): warning:  #111-D: statement is unreachable
arm_i2c_lcd.c(195): warning:  #1-D: last line of file ends without a newline
arm_i2c_lcd.c(168): warning:  #177-D: variable "received_char" was declared but never referenced
arm_i2c_lcd.c(169): warning:  #177-D: variable "h" was declared but never referenced
arm_i2c_lcd.c(169): warning:  #177-D: variable "m" was declared but never referenced
arm_i2c_lcd.c(169): warning:  #177-D: variable "s" was declared but never referenced
arm_i2c_lcd.c(169): warning:  #177-D: variable "s1" was declared but never referenced
linking...
Program Size: Code=1784 RO-data=32 RW-data=12 ZI-data=1260  
FromELF: creating hex file...
"arm_i2c_lcd.axf" - 0 Error(s), 7 Warning(s).
Build target 'Target 1'
assembling Startup.s...
compiling arm_i2c_lcd.c...
arm_i2c_lcd.c(194): warning:  #111-D: statement is unreachable
arm_i2c_lcd.c(195): warning:  #1-D: last line of file ends without a newline
arm_i2c_lcd.c(168): warning:  #177-D: variable "received_char" was declared but never referenced
arm_i2c_lcd.c(169): warning:  #177-D: variable "h" was declared but never referenced
arm_i2c_lcd.c(169): warning:  #177-D: variable "m" was declared but never referenced
arm_i2c_lcd.c(169): warning:  #177-D: variable "s" was declared but never referenced
arm_i2c_lcd.c(169): warning:  #177-D: variable "s1" was declared but never referenced
linking...
Program Size: Code=1776 RO-data=32 RW-data=12 ZI-data=1260  
FromELF: creating hex file...
"arm_i2c_lcd.axf" - 0 Error(s), 7 Warning(s).
Build target 'Target 1'
assembling Startup.s...
compiling arm_i2c_lcd.c...
arm_i2c_lcd.c(217): warning:  #111-D: statement is unreachable
arm_i2c_lcd.c(218): warning:  #1-D: last line of file ends without a newline
arm_i2c_lcd.c(191): warning:  #177-D: variable "received_char" was declared but never referenced
arm_i2c_lcd.c(192): warning:  #177-D: variable "h" was declared but never referenced
arm_i2c_lcd.c(192): warning:  #177-D: variable "m" was declared but never referenced
arm_i2c_lcd.c(192): warning:  #177-D: variable "s" was declared but never referenced
arm_i2c_lcd.c(192): warning:  #177-D: variable "s1" was declared but never referenced
linking...
Program Size: Code=2024 RO-data=32 RW-data=12 ZI-data=1260  
FromELF: creating hex file...
"arm_i2c_lcd.axf" - 0 Error(s), 7 Warning(s).
Build target 'Target 1'
assembling Startup.s...
compiling arm_i2c_lcd.c...
arm_i2c_lcd.c(193): warning:  #223-D: function "__delay_ms" declared implicitly
arm_i2c_lcd.c(243): warning:  #111-D: statement is unreachable
arm_i2c_lcd.c(244): warning:  #1-D: last line of file ends without a newline
arm_i2c_lcd.c(215): warning:  #177-D: variable "received_char" was declared but never referenced
arm_i2c_lcd.c(216): warning:  #177-D: variable "h" was declared but never referenced
arm_i2c_lcd.c(216): warning:  #177-D: variable "m" was declared but never referenced
arm_i2c_lcd.c(216): warning:  #177-D: variable "s" was declared but never referenced
arm_i2c_lcd.c(216): warning:  #177-D: variable "s1" was declared but never referenced
linking...
arm_i2c_lcd.axf: Error: L6218E: Undefined symbol __delay_ms (referred from arm_i2c_lcd.o).
Target not created
Build target 'Target 1'
assembling Startup.s...
compiling arm_i2c_lcd.c...
arm_i2c_lcd.c(243): warning:  #111-D: statement is unreachable
arm_i2c_lcd.c(244): warning:  #1-D: last line of file ends without a newline
arm_i2c_lcd.c(215): warning:  #177-D: variable "received_char" was declared but never referenced
arm_i2c_lcd.c(216): warning:  #177-D: variable "h" was declared but never referenced
arm_i2c_lcd.c(216): warning:  #177-D: variable "m" was declared but never referenced
arm_i2c_lcd.c(216): warning:  #177-D: variable "s" was declared but never referenced
arm_i2c_lcd.c(216): warning:  #177-D: variable "s1" was declared but never referenced
linking...
Program Size: Code=2148 RO-data=32 RW-data=12 ZI-data=1260  
FromELF: creating hex file...
"arm_i2c_lcd.axf" - 0 Error(s), 7 Warning(s).
Build target 'Target 1'
assembling Startup.s...
compiling arm_i2c_lcd.c...
arm_i2c_lcd.c(242): warning:  #111-D: statement is unreachable
arm_i2c_lcd.c(243): warning:  #1-D: last line of file ends without a newline
arm_i2c_lcd.c(215): warning:  #177-D: variable "received_char" was declared but never referenced
arm_i2c_lcd.c(216): warning:  #177-D: variable "h" was declared but never referenced
arm_i2c_lcd.c(216): warning:  #177-D: variable "m" was declared but never referenced
arm_i2c_lcd.c(216): warning:  #177-D: variable "s" was declared but never referenced
arm_i2c_lcd.c(216): warning:  #177-D: variable "s1" was declared but never referenced
linking...
Program Size: Code=2144 RO-data=32 RW-data=12 ZI-data=1260  
FromELF: creating hex file...
"arm_i2c_lcd.axf" - 0 Error(s), 7 Warning(s).
Build target 'Target 1'
compiling arm_i2c_lcd.c...
arm_i2c_lcd.c(242): warning:  #111-D: statement is unreachable
arm_i2c_lcd.c(243): warning:  #1-D: last line of file ends without a newline
arm_i2c_lcd.c(215): warning:  #177-D: variable "received_char" was declared but never referenced
arm_i2c_lcd.c(216): warning:  #177-D: variable "h" was declared but never referenced
arm_i2c_lcd.c(216): warning:  #177-D: variable "m" was declared but never referenced
arm_i2c_lcd.c(216): warning:  #177-D: variable "s" was declared but never referenced
arm_i2c_lcd.c(216): warning:  #177-D: variable "s1" was declared but never referenced
linking...
Program Size: Code=2144 RO-data=32 RW-data=12 ZI-data=1260  
FromELF: creating hex file...
"arm_i2c_lcd.axf" - 0 Error(s), 7 Warning(s).
Build target 'Target 1'
assembling Startup.s...
compiling arm_i2c_lcd.c...
arm_i2c_lcd.c(242): warning:  #111-D: statement is unreachable
arm_i2c_lcd.c(243): warning:  #1-D: last line of file ends without a newline
arm_i2c_lcd.c(215): warning:  #177-D: variable "received_char" was declared but never referenced
arm_i2c_lcd.c(216): warning:  #177-D: variable "h" was declared but never referenced
arm_i2c_lcd.c(216): warning:  #177-D: variable "m" was declared but never referenced
arm_i2c_lcd.c(216): warning:  #177-D: variable "s" was declared but never referenced
arm_i2c_lcd.c(216): warning:  #177-D: variable "s1" was declared but never referenced
linking...
Program Size: Code=2144 RO-data=32 RW-data=12 ZI-data=1260  
FromELF: creating hex file...
"arm_i2c_lcd.axf" - 0 Error(s), 7 Warning(s).
Build target 'Target 1'
assembling Startup.s...
compiling arm_i2c_lcd.c...
arm_i2c_lcd.c(243): warning:  #111-D: statement is unreachable
arm_i2c_lcd.c(244): warning:  #1-D: last line of file ends without a newline
arm_i2c_lcd.c(215): warning:  #177-D: variable "received_char" was declared but never referenced
arm_i2c_lcd.c(216): warning:  #177-D: variable "h" was declared but never referenced
arm_i2c_lcd.c(216): warning:  #177-D: variable "m" was declared but never referenced
arm_i2c_lcd.c(216): warning:  #177-D: variable "s" was declared but never referenced
arm_i2c_lcd.c(216): warning:  #177-D: variable "s1" was declared but never referenced
linking...
Program Size: Code=2140 RO-data=32 RW-data=12 ZI-data=1260  
FromELF: creating hex file...
"arm_i2c_lcd.axf" - 0 Error(s), 7 Warning(s).
Build target 'Target 1'
assembling Startup.s...
compiling arm_i2c_lcd.c...
arm_i2c_lcd.c(229): warning:  #223-D: function "lcd_write_string" declared implicitly
arm_i2c_lcd.c(244): warning:  #111-D: statement is unreachable
arm_i2c_lcd.c(245): warning:  #1-D: last line of file ends without a newline
arm_i2c_lcd.c(215): warning:  #177-D: variable "received_char" was declared but never referenced
arm_i2c_lcd.c(216): warning:  #177-D: variable "h" was declared but never referenced
arm_i2c_lcd.c(216): warning:  #177-D: variable "m" was declared but never referenced
arm_i2c_lcd.c(216): warning:  #177-D: variable "s" was declared but never referenced
arm_i2c_lcd.c(216): warning:  #177-D: variable "s1" was declared but never referenced
linking...
arm_i2c_lcd.axf: Error: L6218E: Undefined symbol lcd_write_string (referred from arm_i2c_lcd.o).
Target not created
Build target 'Target 1'
assembling Startup.s...
compiling arm_i2c_lcd.c...
arm_i2c_lcd.c(250): warning:  #111-D: statement is unreachable
arm_i2c_lcd.c(251): warning:  #1-D: last line of file ends without a newline
arm_i2c_lcd.c(221): warning:  #177-D: variable "received_char" was declared but never referenced
arm_i2c_lcd.c(222): warning:  #177-D: variable "h" was declared but never referenced
arm_i2c_lcd.c(222): warning:  #177-D: variable "m" was declared but never referenced
arm_i2c_lcd.c(222): warning:  #177-D: variable "s" was declared but never referenced
arm_i2c_lcd.c(222): warning:  #177-D: variable "s1" was declared but never referenced
linking...
Program Size: Code=2212 RO-data=32 RW-data=12 ZI-data=1260  
FromELF: creating hex file...
"arm_i2c_lcd.axf" - 0 Error(s), 7 Warning(s).
Build target 'Target 1'
assembling Startup.s...
compiling arm_i2c_lcd.c...
arm_i2c_lcd.c(250): warning:  #111-D: statement is unreachable
arm_i2c_lcd.c(251): warning:  #1-D: last line of file ends without a newline
arm_i2c_lcd.c(221): warning:  #177-D: variable "received_char" was declared but never referenced
arm_i2c_lcd.c(222): warning:  #177-D: variable "h" was declared but never referenced
arm_i2c_lcd.c(222): warning:  #177-D: variable "m" was declared but never referenced
arm_i2c_lcd.c(222): warning:  #177-D: variable "s" was declared but never referenced
arm_i2c_lcd.c(222): warning:  #177-D: variable "s1" was declared but never referenced
linking...
Program Size: Code=2212 RO-data=32 RW-data=12 ZI-data=1260  
FromELF: creating hex file...
"arm_i2c_lcd.axf" - 0 Error(s), 7 Warning(s).
