<html>
<body>
<pre>
<h1>µVision Build Log</h1>
<h2>Project:</h2>
C:\users\quest\Desktop\akhil\arm7\lpc1768\arm_uart\arm_uart.uvproj
Project File Date:  07/06/2024

<h2>Output:</h2>
Build target 'Target 1'
assembling Startup.s...
compiling arm_uart.c...
arm_uart.c(49): warning:  #1-D: last line of file ends without a newline
linking...
Program Size: Code=712 RO-data=16 RW-data=0 ZI-data=1256  
"arm_uart.axf" - 0 Error(s), 1 Warning(s).
Build target 'Target 1'
assembling Startup.s...
compiling arm_uart.c...
arm_uart.c(49): warning:  #1-D: last line of file ends without a newline
linking...
Program Size: Code=984 RO-data=16 RW-data=0 ZI-data=1256  
FromELF: creating hex file...
"arm_uart.axf" - 0 Error(s), 1 Warning(s).
Build target 'Target 1'
assembling Startup.s...
compiling arm_uart.c...
arm_uart.c(64): warning:  #111-D: statement is unreachable
linking...
Program Size: Code=984 RO-data=16 RW-data=0 ZI-data=1256  
FromELF: creating hex file...
"arm_uart.axf" - 0 Error(s), 1 Warning(s).
