<html>
<body>
<pre>
<h1>µVision Build Log</h1>
<h2>Project:</h2>
C:\users\quest\Desktop\akhil\arm7\lpc1768\arm_i2c\arm_i2c.uvproj
Project File Date:  07/15/2024

<h2>Output:</h2>
Build target 'Target 1'
assembling Startup.s...
compiling arm_i2c.c...
arm_i2c.c(157): warning:  #111-D: statement is unreachable
arm_i2c.c(158): warning:  #1-D: last line of file ends without a newline
arm_i2c.c(139): warning:  #177-D: variable "received_char" was declared but never referenced
arm_i2c.c(140): warning:  #177-D: variable "data" was declared but never referenced
linking...
Program Size: Code=1376 RO-data=16 RW-data=0 ZI-data=1256  
FromELF: creating hex file...
"arm_i2c.axf" - 0 Error(s), 4 Warning(s).
Build target 'Target 1'
assembling Startup.s...
compiling arm_i2c.c...
arm_i2c.c(108): warning:  #223-D: function "printf" declared implicitly
arm_i2c.c(167): warning:  #111-D: statement is unreachable
arm_i2c.c(168): warning:  #1-D: last line of file ends without a newline
arm_i2c.c(149): warning:  #177-D: variable "received_char" was declared but never referenced
arm_i2c.c(150): warning:  #177-D: variable "data" was declared but never referenced
linking...
Program Size: Code=4516 RO-data=44 RW-data=12 ZI-data=1500  
FromELF: creating hex file...
"arm_i2c.axf" - 0 Error(s), 5 Warning(s).
Build target 'Target 1'
assembling Startup.s...
compiling arm_i2c.c...
arm_i2c.c(108): warning:  #223-D: function "printf" declared implicitly
arm_i2c.c(167): warning:  #111-D: statement is unreachable
arm_i2c.c(168): warning:  #1-D: last line of file ends without a newline
arm_i2c.c(149): warning:  #177-D: variable "received_char" was declared but never referenced
arm_i2c.c(150): warning:  #177-D: variable "data" was declared but never referenced
linking...
Program Size: Code=4512 RO-data=44 RW-data=12 ZI-data=1500  
FromELF: creating hex file...
"arm_i2c.axf" - 0 Error(s), 5 Warning(s).
Build target 'Target 1'
assembling Startup.s...
compiling arm_i2c.c...
arm_i2c.c(157): warning:  #111-D: statement is unreachable
arm_i2c.c(158): warning:  #1-D: last line of file ends without a newline
arm_i2c.c(139): warning:  #177-D: variable "received_char" was declared but never referenced
arm_i2c.c(140): warning:  #177-D: variable "data" was declared but never referenced
linking...
Program Size: Code=1376 RO-data=16 RW-data=0 ZI-data=1256  
FromELF: creating hex file...
"arm_i2c.axf" - 0 Error(s), 4 Warning(s).
Build target 'Target 1'
assembling Startup.s...
compiling arm_i2c.c...
arm_i2c.c(157): warning:  #111-D: statement is unreachable
arm_i2c.c(158): warning:  #1-D: last line of file ends without a newline
arm_i2c.c(139): warning:  #177-D: variable "received_char" was declared but never referenced
arm_i2c.c(140): warning:  #177-D: variable "data" was declared but never referenced
linking...
Program Size: Code=1388 RO-data=16 RW-data=0 ZI-data=1256  
FromELF: creating hex file...
"arm_i2c.axf" - 0 Error(s), 4 Warning(s).
Build target 'Target 1'
assembling Startup.s...
compiling arm_i2c.c...
arm_i2c.c(156): warning:  #111-D: statement is unreachable
arm_i2c.c(157): warning:  #1-D: last line of file ends without a newline
arm_i2c.c(138): warning:  #177-D: variable "received_char" was declared but never referenced
arm_i2c.c(139): warning:  #177-D: variable "data" was declared but never referenced
linking...
Program Size: Code=1400 RO-data=16 RW-data=0 ZI-data=1256  
FromELF: creating hex file...
"arm_i2c.axf" - 0 Error(s), 4 Warning(s).
Build target 'Target 1'
assembling Startup.s...
compiling arm_i2c.c...
arm_i2c.c(159): warning:  #111-D: statement is unreachable
arm_i2c.c(160): warning:  #1-D: last line of file ends without a newline
arm_i2c.c(138): warning:  #177-D: variable "received_char" was declared but never referenced
arm_i2c.c(139): warning:  #177-D: variable "data" was declared but never referenced
linking...
Program Size: Code=1424 RO-data=16 RW-data=0 ZI-data=1256  
FromELF: creating hex file...
"arm_i2c.axf" - 0 Error(s), 4 Warning(s).
Build target 'Target 1'
assembling Startup.s...
compiling arm_i2c.c...
arm_i2c.c(160): warning:  #111-D: statement is unreachable
arm_i2c.c(161): warning:  #1-D: last line of file ends without a newline
arm_i2c.c(138): warning:  #177-D: variable "received_char" was declared but never referenced
arm_i2c.c(139): warning:  #177-D: variable "data" was declared but never referenced
linking...
Program Size: Code=1432 RO-data=16 RW-data=0 ZI-data=1256  
FromELF: creating hex file...
"arm_i2c.axf" - 0 Error(s), 4 Warning(s).
Build target 'Target 1'
assembling Startup.s...
compiling arm_i2c.c...
arm_i2c.c(169): warning:  #111-D: statement is unreachable
arm_i2c.c(170): warning:  #1-D: last line of file ends without a newline
arm_i2c.c(138): warning:  #177-D: variable "received_char" was declared but never referenced
arm_i2c.c(139): warning:  #177-D: variable "data" was declared but never referenced
linking...
Program Size: Code=1460 RO-data=16 RW-data=0 ZI-data=1256  
FromELF: creating hex file...
"arm_i2c.axf" - 0 Error(s), 4 Warning(s).
Build target 'Target 1'
compiling arm_i2c.c...
arm_i2c.c(116): error:  #65: expected a ";"
arm_i2c.c(167): warning:  #111-D: statement is unreachable
arm_i2c.c(168): warning:  #1-D: last line of file ends without a newline
arm_i2c.c(136): warning:  #177-D: variable "received_char" was declared but never referenced
arm_i2c.c(137): warning:  #177-D: variable "data" was declared but never referenced
Target not created
Build target 'Target 1'
compiling arm_i2c.c...
arm_i2c.c(167): warning:  #111-D: statement is unreachable
arm_i2c.c(168): warning:  #1-D: last line of file ends without a newline
arm_i2c.c(136): warning:  #177-D: variable "received_char" was declared but never referenced
arm_i2c.c(137): warning:  #177-D: variable "data" was declared but never referenced
linking...
Program Size: Code=1456 RO-data=16 RW-data=0 ZI-data=1256  
FromELF: creating hex file...
"arm_i2c.axf" - 0 Error(s), 4 Warning(s).
Build target 'Target 1'
assembling Startup.s...
compiling arm_i2c.c...
arm_i2c.c(170): warning:  #111-D: statement is unreachable
arm_i2c.c(171): warning:  #1-D: last line of file ends without a newline
arm_i2c.c(136): warning:  #177-D: variable "received_char" was declared but never referenced
arm_i2c.c(137): warning:  #177-D: variable "h" was declared but never referenced
arm_i2c.c(137): warning:  #177-D: variable "m" was declared but never referenced
arm_i2c.c(137): warning:  #550-D: variable "s" was set but never used
linking...
Program Size: Code=1468 RO-data=16 RW-data=0 ZI-data=1256  
FromELF: creating hex file...
"arm_i2c.axf" - 0 Error(s), 6 Warning(s).
Build target 'Target 1'
assembling Startup.s...
compiling arm_i2c.c...
arm_i2c.c(170): warning:  #111-D: statement is unreachable
arm_i2c.c(171): warning:  #1-D: last line of file ends without a newline
arm_i2c.c(136): warning:  #177-D: variable "received_char" was declared but never referenced
arm_i2c.c(137): warning:  #177-D: variable "h" was declared but never referenced
arm_i2c.c(137): warning:  #177-D: variable "m" was declared but never referenced
arm_i2c.c(137): warning:  #177-D: variable "s" was declared but never referenced
linking...
Program Size: Code=1464 RO-data=16 RW-data=0 ZI-data=1256  
FromELF: creating hex file...
"arm_i2c.axf" - 0 Error(s), 6 Warning(s).
Build target 'Target 1'
compiling arm_i2c.c...
arm_i2c.c(170): warning:  #111-D: statement is unreachable
arm_i2c.c(171): warning:  #1-D: last line of file ends without a newline
arm_i2c.c(136): warning:  #177-D: variable "received_char" was declared but never referenced
arm_i2c.c(137): warning:  #177-D: variable "h" was declared but never referenced
arm_i2c.c(137): warning:  #177-D: variable "m" was declared but never referenced
arm_i2c.c(137): warning:  #177-D: variable "s" was declared but never referenced
linking...
Program Size: Code=1456 RO-data=16 RW-data=0 ZI-data=1256  
FromELF: creating hex file...
"arm_i2c.axf" - 0 Error(s), 6 Warning(s).
Build target 'Target 1'
assembling Startup.s...
compiling arm_i2c.c...
arm_i2c.c(170): warning:  #111-D: statement is unreachable
arm_i2c.c(171): warning:  #1-D: last line of file ends without a newline
arm_i2c.c(136): warning:  #177-D: variable "received_char" was declared but never referenced
arm_i2c.c(137): warning:  #177-D: variable "h" was declared but never referenced
arm_i2c.c(137): warning:  #177-D: variable "m" was declared but never referenced
arm_i2c.c(137): warning:  #177-D: variable "s" was declared but never referenced
linking...
Program Size: Code=1456 RO-data=16 RW-data=0 ZI-data=1256  
FromELF: creating hex file...
"arm_i2c.axf" - 0 Error(s), 6 Warning(s).
Build target 'Target 1'
assembling Startup.s...
compiling arm_i2c.c...
arm_i2c.c(170): warning:  #111-D: statement is unreachable
arm_i2c.c(171): warning:  #1-D: last line of file ends without a newline
arm_i2c.c(136): warning:  #177-D: variable "received_char" was declared but never referenced
arm_i2c.c(137): warning:  #177-D: variable "h" was declared but never referenced
arm_i2c.c(137): warning:  #177-D: variable "m" was declared but never referenced
arm_i2c.c(137): warning:  #550-D: variable "s" was set but never used
linking...
Program Size: Code=1460 RO-data=16 RW-data=0 ZI-data=1256  
FromELF: creating hex file...
"arm_i2c.axf" - 0 Error(s), 6 Warning(s).
Build target 'Target 1'
assembling Startup.s...
compiling arm_i2c.c...
arm_i2c.c(171): warning:  #111-D: statement is unreachable
arm_i2c.c(172): warning:  #1-D: last line of file ends without a newline
arm_i2c.c(137): warning:  #177-D: variable "received_char" was declared but never referenced
arm_i2c.c(138): warning:  #177-D: variable "h" was declared but never referenced
arm_i2c.c(138): warning:  #177-D: variable "m" was declared but never referenced
arm_i2c.c(138): warning:  #550-D: variable "s" was set but never used
linking...
Program Size: Code=1460 RO-data=16 RW-data=0 ZI-data=1256  
FromELF: creating hex file...
"arm_i2c.axf" - 0 Error(s), 6 Warning(s).
Build target 'Target 1'
assembling Startup.s...
compiling arm_i2c.c...
arm_i2c.c(174): warning:  #111-D: statement is unreachable
arm_i2c.c(175): warning:  #1-D: last line of file ends without a newline
arm_i2c.c(137): warning:  #177-D: variable "received_char" was declared but never referenced
arm_i2c.c(138): warning:  #550-D: variable "h" was set but never used
arm_i2c.c(138): warning:  #550-D: variable "m" was set but never used
arm_i2c.c(138): warning:  #550-D: variable "s" was set but never used
linking...
Program Size: Code=1484 RO-data=16 RW-data=0 ZI-data=1256  
FromELF: creating hex file...
"arm_i2c.axf" - 0 Error(s), 6 Warning(s).
Build target 'Target 1'
assembling Startup.s...
compiling arm_i2c.c...
arm_i2c.c(174): warning:  #111-D: statement is unreachable
arm_i2c.c(175): warning:  #1-D: last line of file ends without a newline
arm_i2c.c(137): warning:  #177-D: variable "received_char" was declared but never referenced
arm_i2c.c(138): warning:  #550-D: variable "h" was set but never used
arm_i2c.c(138): warning:  #550-D: variable "m" was set but never used
arm_i2c.c(138): warning:  #550-D: variable "s" was set but never used
linking...
Program Size: Code=1492 RO-data=16 RW-data=0 ZI-data=1256  
FromELF: creating hex file...
"arm_i2c.axf" - 0 Error(s), 6 Warning(s).
Build target 'Target 1'
assembling Startup.s...
compiling arm_i2c.c...
arm_i2c.c(175): warning:  #111-D: statement is unreachable
arm_i2c.c(176): warning:  #1-D: last line of file ends without a newline
arm_i2c.c(137): warning:  #177-D: variable "received_char" was declared but never referenced
arm_i2c.c(138): warning:  #550-D: variable "h" was set but never used
arm_i2c.c(138): warning:  #550-D: variable "m" was set but never used
arm_i2c.c(138): warning:  #550-D: variable "s" was set but never used
linking...
Program Size: Code=1520 RO-data=16 RW-data=0 ZI-data=1256  
FromELF: creating hex file...
"arm_i2c.axf" - 0 Error(s), 6 Warning(s).
Build target 'Target 1'
assembling Startup.s...
compiling arm_i2c.c...
arm_i2c.c(175): warning:  #111-D: statement is unreachable
arm_i2c.c(176): warning:  #1-D: last line of file ends without a newline
arm_i2c.c(137): warning:  #177-D: variable "received_char" was declared but never referenced
arm_i2c.c(138): warning:  #550-D: variable "h" was set but never used
arm_i2c.c(138): warning:  #550-D: variable "m" was set but never used
arm_i2c.c(138): warning:  #550-D: variable "s" was set but never used
linking...
Program Size: Code=1516 RO-data=16 RW-data=0 ZI-data=1256  
FromELF: creating hex file...
"arm_i2c.axf" - 0 Error(s), 6 Warning(s).
Build target 'Target 1'
assembling Startup.s...
compiling arm_i2c.c...
arm_i2c.c(177): warning:  #111-D: statement is unreachable
arm_i2c.c(178): warning:  #1-D: last line of file ends without a newline
arm_i2c.c(137): warning:  #177-D: variable "received_char" was declared but never referenced
arm_i2c.c(138): warning:  #550-D: variable "h" was set but never used
arm_i2c.c(138): warning:  #550-D: variable "m" was set but never used
arm_i2c.c(138): warning:  #550-D: variable "s" was set but never used
linking...
Program Size: Code=1544 RO-data=16 RW-data=0 ZI-data=1256  
FromELF: creating hex file...
"arm_i2c.axf" - 0 Error(s), 6 Warning(s).
Build target 'Target 1'
assembling Startup.s...
compiling arm_i2c.c...
arm_i2c.c(178): warning:  #111-D: statement is unreachable
arm_i2c.c(179): warning:  #1-D: last line of file ends without a newline
arm_i2c.c(138): warning:  #177-D: variable "received_char" was declared but never referenced
arm_i2c.c(139): warning:  #550-D: variable "h" was set but never used
arm_i2c.c(139): warning:  #550-D: variable "m" was set but never used
arm_i2c.c(139): warning:  #550-D: variable "s" was set but never used
linking...
Program Size: Code=1564 RO-data=16 RW-data=0 ZI-data=1256  
FromELF: creating hex file...
"arm_i2c.axf" - 0 Error(s), 6 Warning(s).
Build target 'Target 1'
assembling Startup.s...
compiling arm_i2c.c...
arm_i2c.c(178): warning:  #111-D: statement is unreachable
arm_i2c.c(179): warning:  #1-D: last line of file ends without a newline
arm_i2c.c(138): warning:  #177-D: variable "received_char" was declared but never referenced
arm_i2c.c(139): warning:  #550-D: variable "h" was set but never used
arm_i2c.c(139): warning:  #550-D: variable "m" was set but never used
arm_i2c.c(139): warning:  #550-D: variable "s" was set but never used
linking...
Program Size: Code=1544 RO-data=16 RW-data=0 ZI-data=1256  
FromELF: creating hex file...
"arm_i2c.axf" - 0 Error(s), 6 Warning(s).
Build target 'Target 1'
assembling Startup.s...
compiling arm_i2c.c...
arm_i2c.c(177): warning:  #111-D: statement is unreachable
arm_i2c.c(178): warning:  #1-D: last line of file ends without a newline
arm_i2c.c(138): warning:  #177-D: variable "received_char" was declared but never referenced
arm_i2c.c(139): warning:  #550-D: variable "h" was set but never used
arm_i2c.c(139): warning:  #550-D: variable "m" was set but never used
arm_i2c.c(139): warning:  #550-D: variable "s" was set but never used
linking...
Program Size: Code=1516 RO-data=16 RW-data=0 ZI-data=1256  
FromELF: creating hex file...
"arm_i2c.axf" - 0 Error(s), 6 Warning(s).
Build target 'Target 1'
assembling Startup.s...
compiling arm_i2c.c...
arm_i2c.c(177): warning:  #111-D: statement is unreachable
arm_i2c.c(178): warning:  #1-D: last line of file ends without a newline
arm_i2c.c(138): warning:  #177-D: variable "received_char" was declared but never referenced
arm_i2c.c(139): warning:  #550-D: variable "h" was set but never used
arm_i2c.c(139): warning:  #550-D: variable "m" was set but never used
arm_i2c.c(139): warning:  #550-D: variable "s" was set but never used
linking...
Program Size: Code=1516 RO-data=16 RW-data=0 ZI-data=1256  
FromELF: creating hex file...
"arm_i2c.axf" - 0 Error(s), 6 Warning(s).
Build target 'Target 1'
assembling Startup.s...
compiling arm_i2c.c...
arm_i2c.c(178): warning:  #111-D: statement is unreachable
arm_i2c.c(179): warning:  #1-D: last line of file ends without a newline
arm_i2c.c(139): warning:  #177-D: variable "received_char" was declared but never referenced
arm_i2c.c(140): warning:  #550-D: variable "h" was set but never used
arm_i2c.c(140): warning:  #550-D: variable "m" was set but never used
arm_i2c.c(140): warning:  #550-D: variable "s" was set but never used
linking...
Program Size: Code=1516 RO-data=16 RW-data=0 ZI-data=1256  
FromELF: creating hex file...
"arm_i2c.axf" - 0 Error(s), 6 Warning(s).
Build target 'Target 1'
assembling Startup.s...
compiling arm_i2c.c...
arm_i2c.c(178): warning:  #111-D: statement is unreachable
arm_i2c.c(179): warning:  #1-D: last line of file ends without a newline
arm_i2c.c(139): warning:  #177-D: variable "received_char" was declared but never referenced
arm_i2c.c(140): warning:  #550-D: variable "h" was set but never used
arm_i2c.c(140): warning:  #550-D: variable "m" was set but never used
arm_i2c.c(140): warning:  #550-D: variable "s" was set but never used
linking...
Program Size: Code=1516 RO-data=16 RW-data=0 ZI-data=1256  
FromELF: creating hex file...
"arm_i2c.axf" - 0 Error(s), 6 Warning(s).
Build target 'Target 1'
assembling Startup.s...
compiling arm_i2c.c...
arm_i2c.c(162): warning:  #111-D: statement is unreachable
arm_i2c.c(163): warning:  #1-D: last line of file ends without a newline
arm_i2c.c(123): warning:  #177-D: variable "received_char" was declared but never referenced
arm_i2c.c(124): warning:  #550-D: variable "h" was set but never used
arm_i2c.c(124): warning:  #550-D: variable "m" was set but never used
arm_i2c.c(124): warning:  #550-D: variable "s" was set but never used
linking...
Program Size: Code=1404 RO-data=16 RW-data=0 ZI-data=1256  
FromELF: creating hex file...
"arm_i2c.axf" - 0 Error(s), 6 Warning(s).
Build target 'Target 1'
assembling Startup.s...
compiling arm_i2c.c...
arm_i2c.c(165): warning:  #111-D: statement is unreachable
arm_i2c.c(166): warning:  #1-D: last line of file ends without a newline
arm_i2c.c(126): warning:  #177-D: variable "received_char" was declared but never referenced
arm_i2c.c(127): warning:  #550-D: variable "h" was set but never used
arm_i2c.c(127): warning:  #550-D: variable "m" was set but never used
arm_i2c.c(127): warning:  #550-D: variable "s" was set but never used
linking...
Program Size: Code=1424 RO-data=16 RW-data=0 ZI-data=1256  
FromELF: creating hex file...
"arm_i2c.axf" - 0 Error(s), 6 Warning(s).
Build target 'Target 1'
assembling Startup.s...
compiling arm_i2c.c...
arm_i2c.c(165): warning:  #111-D: statement is unreachable
arm_i2c.c(166): warning:  #1-D: last line of file ends without a newline
arm_i2c.c(126): warning:  #177-D: variable "received_char" was declared but never referenced
arm_i2c.c(127): warning:  #550-D: variable "h" was set but never used
arm_i2c.c(127): warning:  #550-D: variable "m" was set but never used
arm_i2c.c(127): warning:  #550-D: variable "s" was set but never used
linking...
Program Size: Code=1404 RO-data=16 RW-data=0 ZI-data=1256  
FromELF: creating hex file...
"arm_i2c.axf" - 0 Error(s), 6 Warning(s).
Build target 'Target 1'
assembling Startup.s...
compiling arm_i2c.c...
arm_i2c.c(166): warning:  #111-D: statement is unreachable
arm_i2c.c(167): warning:  #1-D: last line of file ends without a newline
arm_i2c.c(127): warning:  #177-D: variable "received_char" was declared but never referenced
arm_i2c.c(128): warning:  #550-D: variable "h" was set but never used
arm_i2c.c(128): warning:  #550-D: variable "m" was set but never used
arm_i2c.c(128): warning:  #550-D: variable "s" was set but never used
linking...
Program Size: Code=1400 RO-data=16 RW-data=0 ZI-data=1256  
FromELF: creating hex file...
"arm_i2c.axf" - 0 Error(s), 6 Warning(s).
Build target 'Target 1'
assembling Startup.s...
compiling arm_i2c.c...
arm_i2c.c(172): warning:  #111-D: statement is unreachable
arm_i2c.c(173): warning:  #1-D: last line of file ends without a newline
arm_i2c.c(133): warning:  #177-D: variable "received_char" was declared but never referenced
arm_i2c.c(134): warning:  #550-D: variable "h" was set but never used
arm_i2c.c(134): warning:  #550-D: variable "m" was set but never used
arm_i2c.c(134): warning:  #550-D: variable "s" was set but never used
linking...
Program Size: Code=1444 RO-data=16 RW-data=0 ZI-data=1256  
FromELF: creating hex file...
"arm_i2c.axf" - 0 Error(s), 6 Warning(s).
Build target 'Target 1'
assembling Startup.s...
compiling arm_i2c.c...
arm_i2c.c(130): warning:  #111-D: statement is unreachable
arm_i2c.c(93): warning:  #550-D: variable "h" was set but never used
arm_i2c.c(93): warning:  #550-D: variable "m" was set but never used
arm_i2c.c(93): warning:  #550-D: variable "s" was set but never used
linking...
Program Size: Code=1368 RO-data=16 RW-data=0 ZI-data=1256  
FromELF: creating hex file...
"arm_i2c.axf" - 0 Error(s), 4 Warning(s).
Build target 'Target 1'
assembling Startup.s...
compiling arm_i2c.c...
arm_i2c.c(131): warning:  #111-D: statement is unreachable
arm_i2c.c(93): warning:  #550-D: variable "h" was set but never used
arm_i2c.c(93): warning:  #550-D: variable "m" was set but never used
arm_i2c.c(93): warning:  #550-D: variable "s" was set but never used
linking...
Program Size: Code=1404 RO-data=16 RW-data=0 ZI-data=1256  
FromELF: creating hex file...
"arm_i2c.axf" - 0 Error(s), 4 Warning(s).
Build target 'Target 1'
assembling Startup.s...
compiling arm_i2c.c...
arm_i2c.c(172): warning:  #111-D: statement is unreachable
arm_i2c.c(173): warning:  #1-D: last line of file ends without a newline
arm_i2c.c(133): warning:  #177-D: variable "received_char" was declared but never referenced
arm_i2c.c(134): warning:  #550-D: variable "h" was set but never used
arm_i2c.c(134): warning:  #550-D: variable "m" was set but never used
arm_i2c.c(134): warning:  #550-D: variable "s" was set but never used
linking...
Program Size: Code=1452 RO-data=16 RW-data=0 ZI-data=1256  
FromELF: creating hex file...
"arm_i2c.axf" - 0 Error(s), 6 Warning(s).
Build target 'Target 1'
compiling arm_i2c.c...
arm_i2c.c(172): warning:  #111-D: statement is unreachable
arm_i2c.c(173): warning:  #1-D: last line of file ends without a newline
arm_i2c.c(133): warning:  #177-D: variable "received_char" was declared but never referenced
arm_i2c.c(134): warning:  #550-D: variable "h" was set but never used
arm_i2c.c(134): warning:  #550-D: variable "m" was set but never used
arm_i2c.c(134): warning:  #550-D: variable "s" was set but never used
linking...
Program Size: Code=1444 RO-data=16 RW-data=0 ZI-data=1256  
FromELF: creating hex file...
"arm_i2c.axf" - 0 Error(s), 6 Warning(s).
Build target 'Target 1'
assembling Startup.s...
compiling arm_i2c.c...
arm_i2c.c(175): warning:  #111-D: statement is unreachable
arm_i2c.c(176): warning:  #1-D: last line of file ends without a newline
arm_i2c.c(133): warning:  #177-D: variable "received_char" was declared but never referenced
arm_i2c.c(134): warning:  #550-D: variable "h" was set but never used
arm_i2c.c(134): warning:  #550-D: variable "m" was set but never used
arm_i2c.c(134): warning:  #550-D: variable "s" was set but never used
linking...
Program Size: Code=1500 RO-data=16 RW-data=0 ZI-data=1256  
FromELF: creating hex file...
"arm_i2c.axf" - 0 Error(s), 6 Warning(s).
Build target 'Target 1'
assembling Startup.s...
compiling arm_i2c.c...
arm_i2c.c(175): warning:  #111-D: statement is unreachable
arm_i2c.c(176): warning:  #1-D: last line of file ends without a newline
arm_i2c.c(133): warning:  #177-D: variable "received_char" was declared but never referenced
arm_i2c.c(134): warning:  #550-D: variable "h" was set but never used
arm_i2c.c(134): warning:  #550-D: variable "m" was set but never used
arm_i2c.c(134): warning:  #550-D: variable "s" was set but never used
linking...
Program Size: Code=1492 RO-data=16 RW-data=0 ZI-data=1256  
FromELF: creating hex file...
"arm_i2c.axf" - 0 Error(s), 6 Warning(s).
Build target 'Target 1'
assembling Startup.s...
compiling arm_i2c.c...
arm_i2c.c(177): warning:  #111-D: statement is unreachable
arm_i2c.c(178): warning:  #1-D: last line of file ends without a newline
arm_i2c.c(133): warning:  #177-D: variable "received_char" was declared but never referenced
arm_i2c.c(134): warning:  #550-D: variable "h" was set but never used
arm_i2c.c(134): warning:  #550-D: variable "m" was set but never used
arm_i2c.c(134): warning:  #550-D: variable "s" was set but never used
linking...
Program Size: Code=1500 RO-data=16 RW-data=0 ZI-data=1256  
FromELF: creating hex file...
"arm_i2c.axf" - 0 Error(s), 6 Warning(s).
Build target 'Target 1'
assembling Startup.s...
compiling arm_i2c.c...
arm_i2c.c(177): warning:  #111-D: statement is unreachable
arm_i2c.c(178): warning:  #1-D: last line of file ends without a newline
arm_i2c.c(133): warning:  #177-D: variable "received_char" was declared but never referenced
arm_i2c.c(134): warning:  #550-D: variable "h" was set but never used
arm_i2c.c(134): warning:  #550-D: variable "m" was set but never used
arm_i2c.c(134): warning:  #550-D: variable "s" was set but never used
arm_i2c.c(135): warning:  #177-D: variable "j" was declared but never referenced
linking...
Program Size: Code=1480 RO-data=16 RW-data=0 ZI-data=1256  
FromELF: creating hex file...
"arm_i2c.axf" - 0 Error(s), 7 Warning(s).
Build target 'Target 1'
assembling Startup.s...
compiling arm_i2c.c...
arm_i2c.c(177): warning:  #111-D: statement is unreachable
arm_i2c.c(178): warning:  #1-D: last line of file ends without a newline
arm_i2c.c(133): warning:  #177-D: variable "received_char" was declared but never referenced
arm_i2c.c(134): warning:  #550-D: variable "h" was set but never used
arm_i2c.c(134): warning:  #550-D: variable "m" was set but never used
arm_i2c.c(134): warning:  #550-D: variable "s" was set but never used
arm_i2c.c(135): warning:  #177-D: variable "j" was declared but never referenced
linking...
Program Size: Code=1480 RO-data=16 RW-data=0 ZI-data=1256  
FromELF: creating hex file...
"arm_i2c.axf" - 0 Error(s), 7 Warning(s).
Build target 'Target 1'
assembling Startup.s...
compiling arm_i2c.c...
arm_i2c.c(172): warning:  #223-D: function "sprintf" declared implicitly
arm_i2c.c(184): warning:  #111-D: statement is unreachable
arm_i2c.c(185): warning:  #1-D: last line of file ends without a newline
arm_i2c.c(139): warning:  #177-D: variable "received_char" was declared but never referenced
arm_i2c.c(141): warning:  #177-D: variable "j" was declared but never referenced
linking...
Program Size: Code=2104 RO-data=56 RW-data=0 ZI-data=1256  
FromELF: creating hex file...
"arm_i2c.axf" - 0 Error(s), 5 Warning(s).
Build target 'Target 1'
assembling Startup.s...
compiling arm_i2c.c...
arm_i2c.c(156): error:  #167: argument of type "char *" is incompatible with parameter of type "char"
arm_i2c.c(172): warning:  #223-D: function "sprintf" declared implicitly
arm_i2c.c(184): warning:  #111-D: statement is unreachable
arm_i2c.c(185): warning:  #1-D: last line of file ends without a newline
arm_i2c.c(139): warning:  #177-D: variable "received_char" was declared but never referenced
arm_i2c.c(141): warning:  #177-D: variable "j" was declared but never referenced
Target not created
Build target 'Target 1'
assembling Startup.s...
compiling arm_i2c.c...
arm_i2c.c(172): warning:  #223-D: function "sprintf" declared implicitly
arm_i2c.c(184): warning:  #111-D: statement is unreachable
arm_i2c.c(185): warning:  #1-D: last line of file ends without a newline
arm_i2c.c(139): warning:  #177-D: variable "received_char" was declared but never referenced
arm_i2c.c(141): warning:  #177-D: variable "j" was declared but never referenced
linking...
Program Size: Code=2112 RO-data=56 RW-data=0 ZI-data=1256  
FromELF: creating hex file...
"arm_i2c.axf" - 0 Error(s), 5 Warning(s).
Build target 'Target 1'
assembling Startup.s...
compiling arm_i2c.c...
arm_i2c.c(172): warning:  #223-D: function "sprintf" declared implicitly
arm_i2c.c(183): warning:  #111-D: statement is unreachable
arm_i2c.c(184): warning:  #1-D: last line of file ends without a newline
arm_i2c.c(139): warning:  #177-D: variable "received_char" was declared but never referenced
arm_i2c.c(141): warning:  #177-D: variable "j" was declared but never referenced
linking...
Program Size: Code=2088 RO-data=56 RW-data=0 ZI-data=1256  
FromELF: creating hex file...
"arm_i2c.axf" - 0 Error(s), 5 Warning(s).
"LPC210x_ISP.EXE" "C:\users\quest\Desktop\akhil\arm7\lpc1768\arm_i2c\arm_i2c.HEX" 12000 LPC2148 COM1: 38400 1
--- Error: failed to execute '"LPC210x_ISP.EXE" "C:\users\quest\Desktop\akhil\arm7\lpc1768\arm_i2c\arm_i2c.HEX" 12000 LPC2148 COM1: 38400 1'
Build target 'Target 1'
assembling Startup.s...
compiling arm_i2c.c...
arm_i2c.c(172): warning:  #223-D: function "sprintf" declared implicitly
arm_i2c.c(183): warning:  #111-D: statement is unreachable
arm_i2c.c(184): warning:  #1-D: last line of file ends without a newline
arm_i2c.c(139): warning:  #177-D: variable "received_char" was declared but never referenced
arm_i2c.c(141): warning:  #177-D: variable "j" was declared but never referenced
linking...
Program Size: Code=2088 RO-data=56 RW-data=0 ZI-data=1256  
FromELF: creating hex file...
"arm_i2c.axf" - 0 Error(s), 5 Warning(s).
Build target 'Target 1'
assembling Startup.s...
compiling arm_i2c.c...
arm_i2c.c(131): warning:  #223-D: function "sprintf" declared implicitly
arm_i2c.c(138): warning:  #111-D: statement is unreachable
linking...
Program Size: Code=2012 RO-data=56 RW-data=0 ZI-data=1256  
FromELF: creating hex file...
"arm_i2c.axf" - 0 Error(s), 2 Warning(s).
Build target 'Target 1'
assembling Startup.s...
compiling arm_i2c.c...
arm_i2c.c(172): warning:  #223-D: function "sprintf" declared implicitly
arm_i2c.c(183): warning:  #111-D: statement is unreachable
arm_i2c.c(184): warning:  #1-D: last line of file ends without a newline
arm_i2c.c(139): warning:  #177-D: variable "received_char" was declared but never referenced
arm_i2c.c(141): warning:  #177-D: variable "j" was declared but never referenced
linking...
Program Size: Code=2088 RO-data=56 RW-data=0 ZI-data=1256  
FromELF: creating hex file...
"arm_i2c.axf" - 0 Error(s), 5 Warning(s).
Build target 'Target 1'
assembling Startup.s...
compiling arm_i2c.c...
arm_i2c.c(172): warning:  #223-D: function "sprintf" declared implicitly
arm_i2c.c(183): warning:  #111-D: statement is unreachable
arm_i2c.c(184): warning:  #1-D: last line of file ends without a newline
arm_i2c.c(139): warning:  #177-D: variable "received_char" was declared but never referenced
arm_i2c.c(141): warning:  #177-D: variable "j" was declared but never referenced
linking...
Program Size: Code=2088 RO-data=56 RW-data=0 ZI-data=1256  
FromELF: creating hex file...
"arm_i2c.axf" - 0 Error(s), 5 Warning(s).
Build target 'Target 1'
assembling Startup.s...
compiling arm_i2c.c...
arm_i2c.c(172): warning:  #223-D: function "sprintf" declared implicitly
arm_i2c.c(183): warning:  #111-D: statement is unreachable
arm_i2c.c(184): warning:  #1-D: last line of file ends without a newline
arm_i2c.c(139): warning:  #177-D: variable "received_char" was declared but never referenced
arm_i2c.c(141): warning:  #177-D: variable "j" was declared but never referenced
linking...
Program Size: Code=2088 RO-data=56 RW-data=0 ZI-data=1256  
FromELF: creating hex file...
"arm_i2c.axf" - 0 Error(s), 5 Warning(s).
Build target 'Target 1'
assembling Startup.s...
compiling arm_i2c.c...
arm_i2c.c(158): warning:  #111-D: statement is unreachable
arm_i2c.c(172): warning:  #223-D: function "sprintf" declared implicitly
arm_i2c.c(184): warning:  #1-D: last line of file ends without a newline
arm_i2c.c(139): warning:  #177-D: variable "received_char" was declared but never referenced
arm_i2c.c(141): warning:  #177-D: variable "j" was declared but never referenced
linking...
Program Size: Code=1392 RO-data=16 RW-data=0 ZI-data=1256  
FromELF: creating hex file...
"arm_i2c.axf" - 0 Error(s), 5 Warning(s).
Build target 'Target 1'
assembling Startup.s...
compiling arm_i2c.c...
arm_i2c.c(158): warning:  #111-D: statement is unreachable
arm_i2c.c(172): warning:  #223-D: function "sprintf" declared implicitly
arm_i2c.c(184): warning:  #1-D: last line of file ends without a newline
arm_i2c.c(139): warning:  #177-D: variable "received_char" was declared but never referenced
arm_i2c.c(141): warning:  #177-D: variable "j" was declared but never referenced
linking...
Program Size: Code=1392 RO-data=16 RW-data=0 ZI-data=1256  
FromELF: creating hex file...
"arm_i2c.axf" - 0 Error(s), 5 Warning(s).
Build target 'Target 1'
assembling Startup.s...
compiling arm_i2c.c...
arm_i2c.c(157): warning:  #111-D: statement is unreachable
arm_i2c.c(171): warning:  #223-D: function "sprintf" declared implicitly
arm_i2c.c(183): warning:  #1-D: last line of file ends without a newline
arm_i2c.c(139): warning:  #177-D: variable "received_char" was declared but never referenced
arm_i2c.c(141): warning:  #177-D: variable "j" was declared but never referenced
linking...
Program Size: Code=1392 RO-data=16 RW-data=0 ZI-data=1256  
FromELF: creating hex file...
"arm_i2c.axf" - 0 Error(s), 5 Warning(s).
Build target 'Target 1'
assembling Startup.s...
compiling arm_i2c.c...
arm_i2c.c(151): warning:  #111-D: statement is unreachable
arm_i2c.c(165): warning:  #223-D: function "sprintf" declared implicitly
arm_i2c.c(177): warning:  #1-D: last line of file ends without a newline
arm_i2c.c(139): warning:  #177-D: variable "received_char" was declared but never referenced
arm_i2c.c(141): warning:  #177-D: variable "j" was declared but never referenced
linking...
Program Size: Code=1344 RO-data=16 RW-data=0 ZI-data=1256  
FromELF: creating hex file...
"arm_i2c.axf" - 0 Error(s), 5 Warning(s).
Build target 'Target 1'
assembling Startup.s...
compiling arm_i2c.c...
arm_i2c.c(151): warning:  #111-D: statement is unreachable
arm_i2c.c(165): warning:  #223-D: function "sprintf" declared implicitly
arm_i2c.c(177): warning:  #1-D: last line of file ends without a newline
arm_i2c.c(139): warning:  #177-D: variable "received_char" was declared but never referenced
arm_i2c.c(141): warning:  #177-D: variable "j" was declared but never referenced
linking...
Program Size: Code=1340 RO-data=16 RW-data=0 ZI-data=1256  
FromELF: creating hex file...
"arm_i2c.axf" - 0 Error(s), 5 Warning(s).
Build target 'Target 1'
assembling Startup.s...
compiling arm_i2c.c...
arm_i2c.c(171): warning:  #223-D: function "sprintf" declared implicitly
arm_i2c.c(182): warning:  #111-D: statement is unreachable
arm_i2c.c(183): warning:  #1-D: last line of file ends without a newline
arm_i2c.c(139): warning:  #177-D: variable "received_char" was declared but never referenced
arm_i2c.c(141): warning:  #177-D: variable "j" was declared but never referenced
linking...
Program Size: Code=2088 RO-data=56 RW-data=0 ZI-data=1256  
FromELF: creating hex file...
"arm_i2c.axf" - 0 Error(s), 5 Warning(s).
Build target 'Target 1'
assembling Startup.s...
compiling arm_i2c.c...
arm_i2c.c(150): error:  #20: identifier "ms" is undefined
arm_i2c.c(191): warning:  #223-D: function "sprintf" declared implicitly
arm_i2c.c(202): warning:  #111-D: statement is unreachable
arm_i2c.c(203): warning:  #1-D: last line of file ends without a newline
arm_i2c.c(159): warning:  #177-D: variable "received_char" was declared but never referenced
arm_i2c.c(161): warning:  #177-D: variable "i" was declared but never referenced
arm_i2c.c(161): warning:  #177-D: variable "j" was declared but never referenced
Target not created
Build target 'Target 1'
assembling Startup.s...
compiling arm_i2c.c...
arm_i2c.c(191): warning:  #223-D: function "sprintf" declared implicitly
arm_i2c.c(202): warning:  #111-D: statement is unreachable
arm_i2c.c(203): warning:  #1-D: last line of file ends without a newline
arm_i2c.c(159): warning:  #177-D: variable "received_char" was declared but never referenced
arm_i2c.c(161): warning:  #177-D: variable "i" was declared but never referenced
arm_i2c.c(161): warning:  #177-D: variable "j" was declared but never referenced
linking...
Program Size: Code=2140 RO-data=56 RW-data=0 ZI-data=1256  
FromELF: creating hex file...
"arm_i2c.axf" - 0 Error(s), 6 Warning(s).
Build target 'Target 1'
assembling Startup.s...
compiling arm_i2c.c...
arm_i2c.c(191): warning:  #223-D: function "sprintf" declared implicitly
arm_i2c.c(202): warning:  #111-D: statement is unreachable
arm_i2c.c(203): warning:  #1-D: last line of file ends without a newline
arm_i2c.c(159): warning:  #177-D: variable "received_char" was declared but never referenced
arm_i2c.c(161): warning:  #177-D: variable "i" was declared but never referenced
arm_i2c.c(161): warning:  #177-D: variable "j" was declared but never referenced
linking...
Program Size: Code=2140 RO-data=56 RW-data=0 ZI-data=1256  
FromELF: creating hex file...
"arm_i2c.axf" - 0 Error(s), 6 Warning(s).
Build target 'Target 1'
assembling Startup.s...
compiling arm_i2c.c...
arm_i2c.c(191): warning:  #223-D: function "sprintf" declared implicitly
arm_i2c.c(202): warning:  #111-D: statement is unreachable
arm_i2c.c(203): warning:  #1-D: last line of file ends without a newline
arm_i2c.c(159): warning:  #177-D: variable "received_char" was declared but never referenced
arm_i2c.c(161): warning:  #177-D: variable "i" was declared but never referenced
arm_i2c.c(161): warning:  #177-D: variable "j" was declared but never referenced
linking...
Program Size: Code=2140 RO-data=56 RW-data=0 ZI-data=1256  
FromELF: creating hex file...
"arm_i2c.axf" - 0 Error(s), 6 Warning(s).
Build target 'Target 1'
assembling Startup.s...
compiling arm_i2c.c...
arm_i2c.c(150): error:  #20: identifier "ms" is undefined
arm_i2c.c(191): warning:  #223-D: function "sprintf" declared implicitly
arm_i2c.c(202): warning:  #111-D: statement is unreachable
arm_i2c.c(203): warning:  #1-D: last line of file ends without a newline
arm_i2c.c(159): warning:  #177-D: variable "received_char" was declared but never referenced
arm_i2c.c(161): warning:  #177-D: variable "j" was declared but never referenced
Target not created
Build target 'Target 1'
assembling Startup.s...
compiling arm_i2c.c...
arm_i2c.c(150): error:  #20: identifier "ms" is undefined
arm_i2c.c(191): warning:  #223-D: function "sprintf" declared implicitly
arm_i2c.c(202): warning:  #111-D: statement is unreachable
arm_i2c.c(203): warning:  #1-D: last line of file ends without a newline
arm_i2c.c(159): warning:  #177-D: variable "received_char" was declared but never referenced
arm_i2c.c(161): warning:  #177-D: variable "j" was declared but never referenced
Target not created
Build target 'Target 1'
assembling Startup.s...
compiling arm_i2c.c...
arm_i2c.c(150): error:  #20: identifier "ms" is undefined
arm_i2c.c(191): warning:  #223-D: function "sprintf" declared implicitly
arm_i2c.c(202): warning:  #111-D: statement is unreachable
arm_i2c.c(203): warning:  #1-D: last line of file ends without a newline
arm_i2c.c(159): warning:  #177-D: variable "received_char" was declared but never referenced
arm_i2c.c(161): warning:  #177-D: variable "j" was declared but never referenced
Target not created
Build target 'Target 1'
assembling Startup.s...
compiling arm_i2c.c...
arm_i2c.c(171): warning:  #223-D: function "sprintf" declared implicitly
arm_i2c.c(182): warning:  #111-D: statement is unreachable
arm_i2c.c(183): warning:  #1-D: last line of file ends without a newline
arm_i2c.c(139): warning:  #177-D: variable "received_char" was declared but never referenced
arm_i2c.c(141): warning:  #177-D: variable "j" was declared but never referenced
linking...
Program Size: Code=2088 RO-data=56 RW-data=0 ZI-data=1256  
FromELF: creating hex file...
"arm_i2c.axf" - 0 Error(s), 5 Warning(s).
Build target 'Target 1'
assembling Startup.s...
compiling arm_i2c.c...
arm_i2c.c(171): warning:  #223-D: function "sprintf" declared implicitly
arm_i2c.c(182): warning:  #111-D: statement is unreachable
arm_i2c.c(183): warning:  #1-D: last line of file ends without a newline
arm_i2c.c(139): warning:  #177-D: variable "received_char" was declared but never referenced
arm_i2c.c(141): warning:  #177-D: variable "j" was declared but never referenced
linking...
Program Size: Code=2088 RO-data=56 RW-data=0 ZI-data=1256  
FromELF: creating hex file...
"arm_i2c.axf" - 0 Error(s), 5 Warning(s).
